.\gradlew : 
위치 줄:1 문자:1
+ .\gradlew assembleDebug --stacktrace > build_error.log 2>
&1
+ ~~~~~~~~~~~~~~~~~~~~~~~~~~~~~~~~~~~~~~~~~~~~~~~~~~~~~~~~~
~~
    + CategoryInfo          : NotSpecified: (:String) [],  
   RemoteException
    + FullyQualifiedErrorId : NativeCommandError
 

FAILURE: Build completed with 2 failures.

1: Task failed with an exception.
-----------
* Where:
Build file 'D:\workspace_cli\fitnessApp\app\build.gradle.kt
s' line: 100

* What went wrong:
Cannot convert the provided notation to an object of type D
ependency: org.gradle.accessors.dm.LibrariesForLibs$Android
xUiToolingLibraryAccessors@52c5b97f.
The following types/formats are supported:
  - String or CharSequence values, for example 'org.gradle:
gradle-core:1.0'.
  - Maps, for example [group: 'org.gradle', name: 'gradle-c
ore', version: '1.0'].
  - FileCollections, for example files('some.jar', 'someOth
er.jar').
  - Projects, for example project(':some:project:path').
[Incubating] Problems report is available at: file:///D:/workspace_cli/fitnessApp/build/reports/problems/problems-report.html
  - ClassPathNotation, for example gradleApi().

Comprehensive documentation on dependency notations is avai
lable in DSL reference for DependencyHandler type.

* Try:
> Run with --info or --debug option to get more log output.
> Run with --scan to generate a Build Scan (Powered by Deve
locity).
> Get more help at https://help.gradle.org.

* Exception is:
org.gradle.internal.typeconversion.UnsupportedNotationExcep
tion: Cannot convert the provided notation to an object of 
type Dependency: org.gradle.accessors.dm.LibrariesForLibs$A
ndroidxUiToolingLibraryAccessors@52c5b97f.
The following types/formats are supported:
  - String or CharSequence values, for example 'org.gradle:
gradle-core:1.0'.
  - Maps, for example [group: 'org.gradle', name: 'gradle-c
ore', version: '1.0'].
  - FileCollections, for example files('some.jar', 'someOth
er.jar').
  - Projects, for example project(':some:project:path').
  - ClassPathNotation, for example gradleApi().

Comprehensive documentation on dependency notations is avai
lable in DSL reference for DependencyHandler type.
	at org.gradle.internal.typeconversion.ErrorHandlingNotatio
nParser.parseNotation(ErrorHandlingNotationParser.java:57)
	at org.gradle.api.internal.artifacts.DefaultDependencyFact
ory.createDependency(DefaultDependencyFactory.java:74)
	at org.gradle.api.internal.artifacts.dsl.dependencies.Defa
ultDependencyHandler.create(DefaultDependencyHandler.java:1
68)
	at org.gradle.api.internal.artifacts.dsl.dependencies.Defa
ultDependencyHandler.doAddRegularDependency(DefaultDependen
cyHandler.java:197)
	at org.gradle.api.internal.artifacts.dsl.dependencies.Defa
ultDependencyHandler.doAdd(DefaultDependencyHandler.java:19
2)
	at org.gradle.api.internal.artifacts.dsl.dependencies.Defa
ultDependencyHandler.add(DefaultDependencyHandler.java:120)
	at org.gradle.api.internal.artifacts.dsl.dependencies.Defa
ultDependencyHandler.add(DefaultDependencyHandler.java:114)
	at org.gradle.kotlin.dsl.support.delegates.DependencyHandl
erDelegate.add(DependencyHandlerDelegate.kt:53)
	at org.gradle.kotlin.dsl.DebugImplementationConfigurationA
ccessorsKt.debugImplementation(Unknown Source)
	at Build_gradle._init_$lambda$0(build.gradle.kts:100)
	at org.gradle.kotlin.dsl.ProjectExtensionsKt.dependencies(
ProjectExtensions.kt:167)
	at Build_gradle.<init>(build.gradle.kts:62)
	at Program.execute(Unknown Source)
	at org.gradle.kotlin.dsl.execution.Interpreter$ProgramHost
.eval(Interpreter.kt:516)
	at org.gradle.kotlin.dsl.execution.Interpreter$ProgramHost
.evaluateSecondStageOf(Interpreter.kt:428)
	at Program.execute(Unknown Source)
	at org.gradle.kotlin.dsl.execution.Interpreter$ProgramHost
.eval(Interpreter.kt:516)
	at org.gradle.kotlin.dsl.execution.Interpreter.eval(Interp
reter.kt:194)
	at org.gradle.kotlin.dsl.provider.StandardKotlinScriptEval
uator.evaluate(KotlinScriptEvaluator.kt:133)
	at org.gradle.kotlin.dsl.provider.KotlinScriptPluginFactor
y.create$lambda$0(KotlinScriptPluginFactory.kt:61)
	at org.gradle.kotlin.dsl.provider.KotlinScriptPlugin.apply
(KotlinScriptPlugin.kt:35)
	at org.gradle.configuration.BuildOperationScriptPlugin$1.r
un(BuildOperationScriptPlugin.java:68)
	at org.gradle.internal.operations.DefaultBuildOperationRun
ner$1.execute(DefaultBuildOperationRunner.java:29)
	at org.gradle.internal.operations.DefaultBuildOperationRun
ner$1.execute(DefaultBuildOperationRunner.java:26)
	at org.gradle.internal.operations.DefaultBuildOperationRun
ner$2.execute(DefaultBuildOperationRunner.java:66)
	at org.gradle.internal.operations.DefaultBuildOperationRun
ner$2.execute(DefaultBuildOperationRunner.java:59)
	at org.gradle.internal.operations.DefaultBuildOperationRun
ner.execute(DefaultBuildOperationRunner.java:166)
	at org.gradle.internal.operations.DefaultBuildOperationRun
ner.execute(DefaultBuildOperationRunner.java:59)
	at org.gradle.internal.operations.DefaultBuildOperationRun
ner.run(DefaultBuildOperationRunner.java:47)
	at org.gradle.configuration.BuildOperationScriptPlugin.lam
bda$apply$0(BuildOperationScriptPlugin.java:65)
	at org.gradle.internal.code.DefaultUserCodeApplicationCont
ext.apply(DefaultUserCodeApplicationContext.java:44)
	at org.gradle.configuration.BuildOperationScriptPlugin.app
ly(BuildOperationScriptPlugin.java:65)
	at org.gradle.api.internal.project.DefaultProjectStateRegi
stry$ProjectStateImpl.lambda$applyToMutableState$1(DefaultP
rojectStateRegistry.java:435)
	at org.gradle.api.internal.project.DefaultProjectStateRegi
stry$ProjectStateImpl.fromMutableState(DefaultProjectStateR
egistry.java:453)
	at org.gradle.api.internal.project.DefaultProjectStateRegi
stry$ProjectStateImpl.applyToMutableState(DefaultProjectSta
teRegistry.java:434)
	at org.gradle.configuration.project.BuildScriptProcessor.e
xecute(BuildScriptProcessor.java:46)
	at org.gradle.configuration.project.BuildScriptProcessor.e
xecute(BuildScriptProcessor.java:27)
	at org.gradle.configuration.project.ConfigureActionsProjec
tEvaluator.evaluate(ConfigureActionsProjectEvaluator.java:3
5)
	at org.gradle.configuration.project.LifecycleProjectEvalua
tor$EvaluateProject.lambda$run$0(LifecycleProjectEvaluator.
java:109)
	at org.gradle.api.internal.project.DefaultProjectStateRegi
stry$ProjectStateImpl.lambda$applyToMutableState$1(DefaultP
rojectStateRegistry.java:435)
	at org.gradle.api.internal.project.DefaultProjectStateRegi
stry$ProjectStateImpl.lambda$fromMutableState$2(DefaultProj
ectStateRegistry.java:458)
	at org.gradle.internal.work.DefaultWorkerLeaseService.with
ReplacedLocks(DefaultWorkerLeaseService.java:359)
	at org.gradle.api.internal.project.DefaultProjectStateRegi
stry$ProjectStateImpl.fromMutableState(DefaultProjectStateR
egistry.java:458)
	at org.gradle.api.internal.project.DefaultProjectStateRegi
stry$ProjectStateImpl.applyToMutableState(DefaultProjectSta
teRegistry.java:434)
	at org.gradle.configuration.project.LifecycleProjectEvalua
tor$EvaluateProject.run(LifecycleProjectEvaluator.java:100)
	at org.gradle.internal.operations.DefaultBuildOperationRun
ner$1.execute(DefaultBuildOperationRunner.java:29)
	at org.gradle.internal.operations.DefaultBuildOperationRun
ner$1.execute(DefaultBuildOperationRunner.java:26)
	at org.gradle.internal.operations.DefaultBuildOperationRun
ner$2.execute(DefaultBuildOperationRunner.java:66)
	at org.gradle.internal.operations.DefaultBuildOperationRun
ner$2.execute(DefaultBuildOperationRunner.java:59)
	at org.gradle.internal.operations.DefaultBuildOperationRun
ner.execute(DefaultBuildOperationRunner.java:166)
	at org.gradle.internal.operations.DefaultBuildOperationRun
ner.execute(DefaultBuildOperationRunner.java:59)
	at org.gradle.internal.operations.DefaultBuildOperationRun
ner.run(DefaultBuildOperationRunner.java:47)
	at org.gradle.configuration.project.LifecycleProjectEvalua
tor.evaluate(LifecycleProjectEvaluator.java:72)
	at org.gradle.api.internal.project.DefaultProject.evaluate
Unchecked(DefaultProject.java:815)
	at org.gradle.api.internal.project.ProjectLifecycleControl
ler.lambda$ensureSelfConfigured$2(ProjectLifecycleControlle
r.java:88)
	at org.gradle.internal.model.StateTransitionController.lam
bda$doTransition$14(StateTransitionController.java:255)
	at org.gradle.internal.model.StateTransitionController.doT
ransition(StateTransitionController.java:266)
	at org.gradle.internal.model.StateTransitionController.doT
ransition(StateTransitionController.java:254)
	at org.gradle.internal.model.StateTransitionController.lam
bda$maybeTransitionIfNotCurrentlyTransitioning$10(StateTran
sitionController.java:199)
	at org.gradle.internal.work.DefaultSynchronizer.withLock(D
efaultSynchronizer.java:35)
	at org.gradle.internal.model.StateTransitionController.may
beTransitionIfNotCurrentlyTransitioning(StateTransitionCont
roller.java:195)
	at org.gradle.api.internal.project.ProjectLifecycleControl
ler.ensureSelfConfigured(ProjectLifecycleController.java:88
)
	at org.gradle.api.internal.project.DefaultProjectStateRegi
stry$ProjectStateImpl.ensureConfigured(DefaultProjectStateR
egistry.java:400)
	at org.gradle.execution.TaskPathProjectEvaluator.configure
(TaskPathProjectEvaluator.java:70)
	at org.gradle.execution.TaskPathProjectEvaluator.configure
Hierarchy(TaskPathProjectEvaluator.java:86)
	at org.gradle.configuration.DefaultProjectsPreparer.prepar
eProjects(DefaultProjectsPreparer.java:50)
	at org.gradle.configuration.BuildTreePreparingProjectsPrep
arer.prepareProjects(BuildTreePreparingProjectsPreparer.jav
a:65)
	at org.gradle.configuration.BuildOperationFiringProjectsPr
eparer$ConfigureBuild.run(BuildOperationFiringProjectsPrepa
rer.java:52)
	at org.gradle.internal.operations.DefaultBuildOperationRun
ner$1.execute(DefaultBuildOperationRunner.java:29)
	at org.gradle.internal.operations.DefaultBuildOperationRun
ner$1.execute(DefaultBuildOperationRunner.java:26)
	at org.gradle.internal.operations.DefaultBuildOperationRun
ner$2.execute(DefaultBuildOperationRunner.java:66)
	at org.gradle.internal.operations.DefaultBuildOperationRun
ner$2.execute(DefaultBuildOperationRunner.java:59)
	at org.gradle.internal.operations.DefaultBuildOperationRun
ner.execute(DefaultBuildOperationRunner.java:166)
	at org.gradle.internal.operations.DefaultBuildOperationRun
ner.execute(DefaultBuildOperationRunner.java:59)
	at org.gradle.internal.operations.DefaultBuildOperationRun
ner.run(DefaultBuildOperationRunner.java:47)
	at org.gradle.configuration.BuildOperationFiringProjectsPr
eparer.prepareProjects(BuildOperationFiringProjectsPreparer
.java:40)
	at org.gradle.initialization.VintageBuildModelController.l
ambda$prepareProjects$2(VintageBuildModelController.java:83
)
	at org.gradle.internal.model.StateTransitionController.lam
bda$doTransition$14(StateTransitionController.java:255)
	at org.gradle.internal.model.StateTransitionController.doT
ransition(StateTransitionController.java:266)
	at org.gradle.internal.model.StateTransitionController.doT
ransition(StateTransitionController.java:254)
	at org.gradle.internal.model.StateTransitionController.lam
bda$transitionIfNotPreviously$11(StateTransitionController.
java:213)
	at org.gradle.internal.work.DefaultSynchronizer.withLock(D
efaultSynchronizer.java:35)
	at org.gradle.internal.model.StateTransitionController.tra
nsitionIfNotPreviously(StateTransitionController.java:209)
	at org.gradle.initialization.VintageBuildModelController.p
repareProjects(VintageBuildModelController.java:83)
	at org.gradle.initialization.VintageBuildModelController.p
repareToScheduleTasks(VintageBuildModelController.java:70)
	at org.gradle.internal.build.DefaultBuildLifecycleControll
er.lambda$prepareToScheduleTasks$6(DefaultBuildLifecycleCon
troller.java:175)
	at org.gradle.internal.model.StateTransitionController.lam
bda$doTransition$14(StateTransitionController.java:255)
	at org.gradle.internal.model.StateTransitionController.doT
ransition(StateTransitionController.java:266)
	at org.gradle.internal.model.StateTransitionController.doT
ransition(StateTransitionController.java:254)
	at org.gradle.internal.model.StateTransitionController.lam
bda$maybeTransition$9(StateTransitionController.java:190)
	at org.gradle.internal.work.DefaultSynchronizer.withLock(D
efaultSynchronizer.java:35)
	at org.gradle.internal.model.StateTransitionController.may
beTransition(StateTransitionController.java:186)
	at org.gradle.internal.build.DefaultBuildLifecycleControll
er.prepareToScheduleTasks(DefaultBuildLifecycleController.j
ava:173)
	at org.gradle.internal.buildtree.DefaultBuildTreeWorkPrepa
rer.scheduleRequestedTasks(DefaultBuildTreeWorkPreparer.jav
a:35)
	at org.gradle.internal.cc.impl.barrier.BarrierAwareBuildTr
eeWorkPreparer.scheduleRequestedTasks$lambda$0(BarrierAware
BuildTreeWorkPreparer.kt:34)
	at org.gradle.internal.cc.impl.barrier.VintageConfiguratio
nTimeActionRunner.runConfigurationTimeAction(VintageConfigu
rationTimeActionRunner.kt:48)
	at org.gradle.internal.cc.impl.barrier.BarrierAwareBuildTr
eeWorkPreparer.scheduleRequestedTasks(BarrierAwareBuildTree
WorkPreparer.kt:33)
	at org.gradle.internal.cc.impl.VintageBuildTreeWorkControl
ler$scheduleAndRunRequestedTasks$1.apply(VintageBuildTreeWo
rkController.kt:36)
	at org.gradle.internal.cc.impl.VintageBuildTreeWorkControl
ler$scheduleAndRunRequestedTasks$1.apply(VintageBuildTreeWo
rkController.kt:35)
	at org.gradle.composite.internal.DefaultIncludedBuildTaskG
raph.withNewWorkGraph(DefaultIncludedBuildTaskGraph.java:11
3)
	at org.gradle.internal.cc.impl.VintageBuildTreeWorkControl
ler.scheduleAndRunRequestedTasks(VintageBuildTreeWorkContro
ller.kt:35)
	at org.gradle.internal.buildtree.DefaultBuildTreeLifecycle
Controller.lambda$scheduleAndRunTasks$1(DefaultBuildTreeLif
ecycleController.java:77)
	at org.gradle.internal.buildtree.DefaultBuildTreeLifecycle
Controller.lambda$runBuild$4(DefaultBuildTreeLifecycleContr
oller.java:120)
	at org.gradle.internal.model.StateTransitionController.lam
bda$transition$6(StateTransitionController.java:169)
	at org.gradle.internal.model.StateTransitionController.doT
ransition(StateTransitionController.java:266)
	at org.gradle.internal.model.StateTransitionController.lam
bda$transition$7(StateTransitionController.java:169)
	at org.gradle.internal.work.DefaultSynchronizer.withLock(D
efaultSynchronizer.java:45)
	at org.gradle.internal.model.StateTransitionController.tra
nsition(StateTransitionController.java:169)
	at org.gradle.internal.buildtree.DefaultBuildTreeLifecycle
Controller.runBuild(DefaultBuildTreeLifecycleController.jav
a:117)
	at org.gradle.internal.buildtree.DefaultBuildTreeLifecycle
Controller.scheduleAndRunTasks(DefaultBuildTreeLifecycleCon
troller.java:77)
	at org.gradle.internal.buildtree.DefaultBuildTreeLifecycle
Controller.scheduleAndRunTasks(DefaultBuildTreeLifecycleCon
troller.java:72)
	at org.gradle.tooling.internal.provider.ExecuteBuildAction
Runner.run(ExecuteBuildActionRunner.java:31)
	at org.gradle.launcher.exec.ChainingBuildActionRunner.run(
ChainingBuildActionRunner.java:35)
	at org.gradle.internal.buildtree.ProblemReportingBuildActi
onRunner.run(ProblemReportingBuildActionRunner.java:54)
	at org.gradle.launcher.exec.BuildOutcomeReportingBuildActi
onRunner.run(BuildOutcomeReportingBuildActionRunner.java:83
)
	at org.gradle.tooling.internal.provider.FileSystemWatching
BuildActionRunner.run(FileSystemWatchingBuildActionRunner.j
ava:135)
	at org.gradle.launcher.exec.BuildCompletionNotifyingBuildA
ctionRunner.run(BuildCompletionNotifyingBuildActionRunner.j
ava:54)
	at org.gradle.launcher.exec.RootBuildLifecycleBuildActionE
xecutor.lambda$execute$0(RootBuildLifecycleBuildActionExecu
tor.java:56)
	at org.gradle.composite.internal.DefaultRootBuildState.run
(DefaultRootBuildState.java:130)
	at org.gradle.launcher.exec.RootBuildLifecycleBuildActionE
xecutor.execute(RootBuildLifecycleBuildActionExecutor.java:
56)
	at org.gradle.internal.buildtree.InitDeprecationLoggingAct
ionExecutor.execute(InitDeprecationLoggingActionExecutor.ja
va:62)
	at org.gradle.internal.buildtree.InitProblems.execute(Init
Problems.java:36)
	at org.gradle.internal.buildtree.DefaultBuildTreeContext.e
xecute(DefaultBuildTreeContext.java:40)
	at org.gradle.launcher.exec.BuildTreeLifecycleBuildActionE
xecutor.lambda$execute$0(BuildTreeLifecycleBuildActionExecu
tor.java:71)
	at org.gradle.internal.buildtree.BuildTreeState.run(BuildT
reeState.java:60)
	at org.gradle.launcher.exec.BuildTreeLifecycleBuildActionE
xecutor.execute(BuildTreeLifecycleBuildActionExecutor.java:
71)
	at org.gradle.launcher.exec.RunAsBuildOperationBuildAction
Executor$2.call(RunAsBuildOperationBuildActionExecutor.java
:65)
	at org.gradle.launcher.exec.RunAsBuildOperationBuildAction
Executor$2.call(RunAsBuildOperationBuildActionExecutor.java
:61)
	at org.gradle.internal.operations.DefaultBuildOperationRun
ner$CallableBuildOperationWorker.execute(DefaultBuildOperat
ionRunner.java:209)
	at org.gradle.internal.operations.DefaultBuildOperationRun
ner$CallableBuildOperationWorker.execute(DefaultBuildOperat
ionRunner.java:204)
	at org.gradle.internal.operations.DefaultBuildOperationRun
ner$2.execute(DefaultBuildOperationRunner.java:66)
	at org.gradle.internal.operations.DefaultBuildOperationRun
ner$2.execute(DefaultBuildOperationRunner.java:59)
	at org.gradle.internal.operations.DefaultBuildOperationRun
ner.execute(DefaultBuildOperationRunner.java:166)
	at org.gradle.internal.operations.DefaultBuildOperationRun
ner.execute(DefaultBuildOperationRunner.java:59)
	at org.gradle.internal.operations.DefaultBuildOperationRun
ner.call(DefaultBuildOperationRunner.java:53)
	at org.gradle.launcher.exec.RunAsBuildOperationBuildAction
Executor.execute(RunAsBuildOperationBuildActionExecutor.jav
a:61)
	at org.gradle.launcher.exec.RunAsWorkerThreadBuildActionEx
ecutor.lambda$execute$0(RunAsWorkerThreadBuildActionExecuto
r.java:36)
	at org.gradle.internal.work.DefaultWorkerLeaseService.with
Locks(DefaultWorkerLeaseService.java:263)
	at org.gradle.internal.work.DefaultWorkerLeaseService.runA
sWorkerThread(DefaultWorkerLeaseService.java:127)
	at org.gradle.launcher.exec.RunAsWorkerThreadBuildActionEx
ecutor.execute(RunAsWorkerThreadBuildActionExecutor.java:36
)
	at org.gradle.tooling.internal.provider.continuous.Continu
ousBuildActionExecutor.execute(ContinuousBuildActionExecuto
r.java:110)
	at org.gradle.tooling.internal.provider.SubscribableBuildA
ctionExecutor.execute(SubscribableBuildActionExecutor.java:
64)
	at org.gradle.internal.session.DefaultBuildSessionContext.
execute(DefaultBuildSessionContext.java:46)
	at org.gradle.internal.buildprocess.execution.BuildSession
LifecycleBuildActionExecutor$ActionImpl.apply(BuildSessionL
ifecycleBuildActionExecutor.java:92)
	at org.gradle.internal.buildprocess.execution.BuildSession
LifecycleBuildActionExecutor$ActionImpl.apply(BuildSessionL
ifecycleBuildActionExecutor.java:80)
	at org.gradle.internal.session.BuildSessionState.run(Build
SessionState.java:73)
	at org.gradle.internal.buildprocess.execution.BuildSession
LifecycleBuildActionExecutor.execute(BuildSessionLifecycleB
uildActionExecutor.java:62)
	at org.gradle.internal.buildprocess.execution.BuildSession
LifecycleBuildActionExecutor.execute(BuildSessionLifecycleB
uildActionExecutor.java:41)
	at org.gradle.internal.buildprocess.execution.StartParamsV
alidatingActionExecutor.execute(StartParamsValidatingAction
Executor.java:57)
	at org.gradle.internal.buildprocess.execution.StartParamsV
alidatingActionExecutor.execute(StartParamsValidatingAction
Executor.java:32)
	at org.gradle.internal.buildprocess.execution.SessionFailu
reReportingActionExecutor.execute(SessionFailureReportingAc
tionExecutor.java:51)
	at org.gradle.internal.buildprocess.execution.SessionFailu
reReportingActionExecutor.execute(SessionFailureReportingAc
tionExecutor.java:39)
	at org.gradle.internal.buildprocess.execution.SetupLogging
ActionExecutor.execute(SetupLoggingActionExecutor.java:47)
	at org.gradle.internal.buildprocess.execution.SetupLogging
ActionExecutor.execute(SetupLoggingActionExecutor.java:31)
	at org.gradle.launcher.daemon.server.exec.ExecuteBuild.doB
uild(ExecuteBuild.java:70)
	at org.gradle.launcher.daemon.server.exec.BuildCommandOnly
.execute(BuildCommandOnly.java:37)
	at org.gradle.launcher.daemon.server.api.DaemonCommandExec
ution.proceed(DaemonCommandExecution.java:104)
	at org.gradle.launcher.daemon.server.exec.WatchForDisconne
ction.execute(WatchForDisconnection.java:39)
	at org.gradle.launcher.daemon.server.api.DaemonCommandExec
ution.proceed(DaemonCommandExecution.java:104)
	at org.gradle.launcher.daemon.server.exec.ResetDeprecation
Logger.execute(ResetDeprecationLogger.java:29)
	at org.gradle.launcher.daemon.server.api.DaemonCommandExec
ution.proceed(DaemonCommandExecution.java:104)
	at org.gradle.launcher.daemon.server.exec.RequestStopIfSin
gleUsedDaemon.execute(RequestStopIfSingleUsedDaemon.java:35
)
	at org.gradle.launcher.daemon.server.api.DaemonCommandExec
ution.proceed(DaemonCommandExecution.java:104)
	at org.gradle.launcher.daemon.server.exec.ForwardClientInp
ut.lambda$execute$0(ForwardClientInput.java:40)
	at org.gradle.internal.daemon.clientinput.ClientInputForwa
rder.forwardInput(ClientInputForwarder.java:80)
	at org.gradle.launcher.daemon.server.exec.ForwardClientInp
ut.execute(ForwardClientInput.java:37)
	at org.gradle.launcher.daemon.server.api.DaemonCommandExec
ution.proceed(DaemonCommandExecution.java:104)
	at org.gradle.launcher.daemon.server.exec.LogAndCheckHealt
h.execute(LogAndCheckHealth.java:64)
	at org.gradle.launcher.daemon.server.api.DaemonCommandExec
ution.proceed(DaemonCommandExecution.java:104)
	at org.gradle.launcher.daemon.server.exec.LogToClient.doBu
ild(LogToClient.java:63)
	at org.gradle.launcher.daemon.server.exec.BuildCommandOnly
.execute(BuildCommandOnly.java:37)
	at org.gradle.launcher.daemon.server.api.DaemonCommandExec
ution.proceed(DaemonCommandExecution.java:104)
	at org.gradle.launcher.daemon.server.exec.EstablishBuildEn
vironment.doBuild(EstablishBuildEnvironment.java:84)
	at org.gradle.launcher.daemon.server.exec.BuildCommandOnly
.execute(BuildCommandOnly.java:37)
	at org.gradle.launcher.daemon.server.api.DaemonCommandExec
ution.proceed(DaemonCommandExecution.java:104)
	at org.gradle.launcher.daemon.server.exec.StartBuildOrResp
ondWithBusy$1.run(StartBuildOrRespondWithBusy.java:52)
	at org.gradle.launcher.daemon.server.DaemonStateCoordinato
r.lambda$runCommand$0(DaemonStateCoordinator.java:321)
	at org.gradle.internal.concurrent.ExecutorPolicy$CatchAndR
ecordFailures.onExecute(ExecutorPolicy.java:64)
	at org.gradle.internal.concurrent.AbstractManagedExecutor$
1.run(AbstractManagedExecutor.java:47)

===========================================================
===================

2: Task failed with an exception.
-----------
* Where:
Build file 'D:\workspace_cli\fitnessApp\app\build.gradle.kt
s' line: 100

* What went wrong:
Cannot convert the provided notation to an object of type D
ependency: org.gradle.accessors.dm.LibrariesForLibs$Android
xUiToolingLibraryAccessors@52c5b97f.
The following types/formats are supported:
  - String or CharSequence values, for example 'org.gradle:
gradle-core:1.0'.
  - Maps, for example [group: 'org.gradle', name: 'gradle-c
ore', version: '1.0'].
  - FileCollections, for example files('some.jar', 'someOth
er.jar').
  - Projects, for example project(':some:project:path').
  - ClassPathNotation, for example gradleApi().

Comprehensive documentation on dependency notations is avai
lable in DSL reference for DependencyHandler type.

* Try:
> Run with --info or --debug option to get more log output.
> Run with --scan to generate a Build Scan (Powered by Deve
locity).
> Get more help at https://help.gradle.org.

* Exception is:
org.gradle.internal.typeconversion.UnsupportedNotationExcep
tion: Cannot convert the provided notation to an object of 
type Dependency: org.gradle.accessors.dm.LibrariesForLibs$A
ndroidxUiToolingLibraryAccessors@52c5b97f.
The following types/formats are supported:
  - String or CharSequence values, for example 'org.gradle:
gradle-core:1.0'.
  - Maps, for example [group: 'org.gradle', name: 'gradle-c
ore', version: '1.0'].
  - FileCollections, for example files('some.jar', 'someOth
er.jar').
  - Projects, for example project(':some:project:path').
  - ClassPathNotation, for example gradleApi().

Comprehensive documentation on dependency notations is avai
lable in DSL reference for DependencyHandler type.
	at org.gradle.internal.typeconversion.ErrorHandlingNotatio
nParser.parseNotation(ErrorHandlingNotationParser.java:57)
	at org.gradle.api.internal.artifacts.DefaultDependencyFact
ory.createDependency(DefaultDependencyFactory.java:74)
	at org.gradle.api.internal.artifacts.dsl.dependencies.Defa
ultDependencyHandler.create(DefaultDependencyHandler.java:1
68)
	at org.gradle.api.internal.artifacts.dsl.dependencies.Defa
ultDependencyHandler.doAddRegularDependency(DefaultDependen
cyHandler.java:197)
	at org.gradle.api.internal.artifacts.dsl.dependencies.Defa
ultDependencyHandler.doAdd(DefaultDependencyHandler.java:19
2)
	at org.gradle.api.internal.artifacts.dsl.dependencies.Defa
ultDependencyHandler.add(DefaultDependencyHandler.java:120)
	at org.gradle.api.internal.artifacts.dsl.dependencies.Defa
ultDependencyHandler.add(DefaultDependencyHandler.java:114)
	at org.gradle.kotlin.dsl.support.delegates.DependencyHandl
erDelegate.add(DependencyHandlerDelegate.kt:53)
	at org.gradle.kotlin.dsl.DebugImplementationConfigurationA
ccessorsKt.debugImplementation(Unknown Source)
	at Build_gradle._init_$lambda$0(build.gradle.kts:100)
	at org.gradle.kotlin.dsl.ProjectExtensionsKt.dependencies(
ProjectExtensions.kt:167)
	at Build_gradle.<init>(build.gradle.kts:62)
	at Program.execute(Unknown Source)
	at org.gradle.kotlin.dsl.execution.Interpreter$ProgramHost
.eval(Interpreter.kt:516)
	at org.gradle.kotlin.dsl.execution.Interpreter$ProgramHost
.evaluateSecondStageOf(Interpreter.kt:428)
	at Program.execute(Unknown Source)
	at org.gradle.kotlin.dsl.execution.Interpreter$ProgramHost
.eval(Interpreter.kt:516)
	at org.gradle.kotlin.dsl.execution.Interpreter.eval(Interp
reter.kt:194)
	at org.gradle.kotlin.dsl.provider.StandardKotlinScriptEval
uator.evaluate(KotlinScriptEvaluator.kt:133)
	at org.gradle.kotlin.dsl.provider.KotlinScriptPluginFactor
y.create$lambda$0(KotlinScriptPluginFactory.kt:61)
	at org.gradle.kotlin.dsl.provider.KotlinScriptPlugin.apply
(KotlinScriptPlugin.kt:35)
	at org.gradle.configuration.BuildOperationScriptPlugin$1.r
un(BuildOperationScriptPlugin.java:68)
	at org.gradle.internal.operations.DefaultBuildOperationRun
ner$1.execute(DefaultBuildOperationRunner.java:29)
	at org.gradle.internal.operations.DefaultBuildOperationRun
ner$1.execute(DefaultBuildOperationRunner.java:26)
	at org.gradle.internal.operations.DefaultBuildOperationRun
ner$2.execute(DefaultBuildOperationRunner.java:66)
	at org.gradle.internal.operations.DefaultBuildOperationRun
ner$2.execute(DefaultBuildOperationRunner.java:59)
	at org.gradle.internal.operations.DefaultBuildOperationRun
ner.execute(DefaultBuildOperationRunner.java:166)
	at org.gradle.internal.operations.DefaultBuildOperationRun
ner.execute(DefaultBuildOperationRunner.java:59)
	at org.gradle.internal.operations.DefaultBuildOperationRun
ner.run(DefaultBuildOperationRunner.java:47)
	at org.gradle.configuration.BuildOperationScriptPlugin.lam
bda$apply$0(BuildOperationScriptPlugin.java:65)
	at org.gradle.internal.code.DefaultUserCodeApplicationCont
ext.apply(DefaultUserCodeApplicationContext.java:44)
	at org.gradle.configuration.BuildOperationScriptPlugin.app
ly(BuildOperationScriptPlugin.java:65)
	at org.gradle.api.internal.project.DefaultProjectStateRegi
stry$ProjectStateImpl.lambda$applyToMutableState$1(DefaultP
rojectStateRegistry.java:435)
	at org.gradle.api.internal.project.DefaultProjectStateRegi
stry$ProjectStateImpl.fromMutableState(DefaultProjectStateR
egistry.java:453)
	at org.gradle.api.internal.project.DefaultProjectStateRegi
stry$ProjectStateImpl.applyToMutableState(DefaultProjectSta
teRegistry.java:434)
	at org.gradle.configuration.project.BuildScriptProcessor.e
xecute(BuildScriptProcessor.java:46)
	at org.gradle.configuration.project.BuildScriptProcessor.e
xecute(BuildScriptProcessor.java:27)
	at org.gradle.configuration.project.ConfigureActionsProjec
tEvaluator.evaluate(ConfigureActionsProjectEvaluator.java:3
5)
	at org.gradle.configuration.project.LifecycleProjectEvalua
tor$EvaluateProject.lambda$run$0(LifecycleProjectEvaluator.
java:109)
	at org.gradle.api.internal.project.DefaultProjectStateRegi
stry$ProjectStateImpl.lambda$applyToMutableState$1(DefaultP
rojectStateRegistry.java:435)
	at org.gradle.api.internal.project.DefaultProjectStateRegi
stry$ProjectStateImpl.lambda$fromMutableState$2(DefaultProj
ectStateRegistry.java:458)
	at org.gradle.internal.work.DefaultWorkerLeaseService.with
ReplacedLocks(DefaultWorkerLeaseService.java:359)
	at org.gradle.api.internal.project.DefaultProjectStateRegi
stry$ProjectStateImpl.fromMutableState(DefaultProjectStateR
egistry.java:458)
	at org.gradle.api.internal.project.DefaultProjectStateRegi
stry$ProjectStateImpl.applyToMutableState(DefaultProjectSta
teRegistry.java:434)
	at org.gradle.configuration.project.LifecycleProjectEvalua
tor$EvaluateProject.run(LifecycleProjectEvaluator.java:100)
	at org.gradle.internal.operations.DefaultBuildOperationRun
ner$1.execute(DefaultBuildOperationRunner.java:29)
	at org.gradle.internal.operations.DefaultBuildOperationRun
ner$1.execute(DefaultBuildOperationRunner.java:26)
	at org.gradle.internal.operations.DefaultBuildOperationRun
ner$2.execute(DefaultBuildOperationRunner.java:66)
	at org.gradle.internal.operations.DefaultBuildOperationRun
ner$2.execute(DefaultBuildOperationRunner.java:59)
	at org.gradle.internal.operations.DefaultBuildOperationRun
ner.execute(DefaultBuildOperationRunner.java:166)
	at org.gradle.internal.operations.DefaultBuildOperationRun
ner.execute(DefaultBuildOperationRunner.java:59)
	at org.gradle.internal.operations.DefaultBuildOperationRun
ner.run(DefaultBuildOperationRunner.java:47)
	at org.gradle.configuration.project.LifecycleProjectEvalua
tor.evaluate(LifecycleProjectEvaluator.java:72)
	at org.gradle.api.internal.project.DefaultProject.evaluate
Unchecked(DefaultProject.java:815)
	at org.gradle.api.internal.project.ProjectLifecycleControl
ler.lambda$ensureSelfConfigured$2(ProjectLifecycleControlle
r.java:88)
	at org.gradle.internal.model.StateTransitionController.lam
bda$doTransition$14(StateTransitionController.java:255)
	at org.gradle.internal.model.StateTransitionController.doT
ransition(StateTransitionController.java:266)
	at org.gradle.internal.model.StateTransitionController.doT
ransition(StateTransitionController.java:254)
	at org.gradle.internal.model.StateTransitionController.lam
bda$maybeTransitionIfNotCurrentlyTransitioning$10(StateTran
sitionController.java:199)
	at org.gradle.internal.work.DefaultSynchronizer.withLock(D
efaultSynchronizer.java:35)
	at org.gradle.internal.model.StateTransitionController.may
beTransitionIfNotCurrentlyTransitioning(StateTransitionCont
roller.java:195)
	at org.gradle.api.internal.project.ProjectLifecycleControl
ler.ensureSelfConfigured(ProjectLifecycleController.java:88
)
	at org.gradle.api.internal.project.DefaultProjectStateRegi
stry$ProjectStateImpl.ensureConfigured(DefaultProjectStateR
egistry.java:400)
	at org.gradle.execution.TaskPathProjectEvaluator.configure
(TaskPathProjectEvaluator.java:70)
	at org.gradle.execution.TaskPathProjectEvaluator.configure
Hierarchy(TaskPathProjectEvaluator.java:86)
	at org.gradle.configuration.DefaultProjectsPreparer.prepar
eProjects(DefaultProjectsPreparer.java:50)
	at org.gradle.configuration.BuildTreePreparingProjectsPrep
arer.prepareProjects(BuildTreePreparingProjectsPreparer.jav
a:65)
	at org.gradle.configuration.BuildOperationFiringProjectsPr
eparer$ConfigureBuild.run(BuildOperationFiringProjectsPrepa
rer.java:52)
	at org.gradle.internal.operations.DefaultBuildOperationRun
ner$1.execute(DefaultBuildOperationRunner.java:29)
	at org.gradle.internal.operations.DefaultBuildOperationRun
ner$1.execute(DefaultBuildOperationRunner.java:26)
	at org.gradle.internal.operations.DefaultBuildOperationRun
ner$2.execute(DefaultBuildOperationRunner.java:66)
	at org.gradle.internal.operations.DefaultBuildOperationRun
ner$2.execute(DefaultBuildOperationRunner.java:59)
	at org.gradle.internal.operations.DefaultBuildOperationRun
ner.execute(DefaultBuildOperationRunner.java:166)
	at org.gradle.internal.operations.DefaultBuildOperationRun
ner.execute(DefaultBuildOperationRunner.java:59)
	at org.gradle.internal.operations.DefaultBuildOperationRun
ner.run(DefaultBuildOperationRunner.java:47)
	at org.gradle.configuration.BuildOperationFiringProjectsPr
eparer.prepareProjects(BuildOperationFiringProjectsPreparer
.java:40)
	at org.gradle.initialization.VintageBuildModelController.l
ambda$prepareProjects$2(VintageBuildModelController.java:83
)
	at org.gradle.internal.model.StateTransitionController.lam
bda$doTransition$14(StateTransitionController.java:255)
	at org.gradle.internal.model.StateTransitionController.doT
ransition(StateTransitionController.java:266)
	at org.gradle.internal.model.StateTransitionController.doT
ransition(StateTransitionController.java:254)
	at org.gradle.internal.model.StateTransitionController.lam
bda$transitionIfNotPreviously$11(StateTransitionController.
java:213)
	at org.gradle.internal.work.DefaultSynchronizer.withLock(D
efaultSynchronizer.java:35)
	at org.gradle.internal.model.StateTransitionController.tra
nsitionIfNotPreviously(StateTransitionController.java:209)
	at org.gradle.initialization.VintageBuildModelController.p
repareProjects(VintageBuildModelController.java:83)
	at org.gradle.initialization.VintageBuildModelController.p
repareToScheduleTasks(VintageBuildModelController.java:70)
	at org.gradle.internal.build.DefaultBuildLifecycleControll
er.lambda$prepareToScheduleTasks$6(DefaultBuildLifecycleCon
troller.java:175)
	at org.gradle.internal.model.StateTransitionController.lam
bda$doTransition$14(StateTransitionController.java:255)
	at org.gradle.internal.model.StateTransitionController.doT
ransition(StateTransitionController.java:266)
	at org.gradle.internal.model.StateTransitionController.doT
ransition(StateTransitionController.java:254)
	at org.gradle.internal.model.StateTransitionController.lam
bda$maybeTransition$9(StateTransitionController.java:190)
	at org.gradle.internal.work.DefaultSynchronizer.withLock(D
efaultSynchronizer.java:35)
	at org.gradle.internal.model.StateTransitionController.may
beTransition(StateTransitionController.java:186)
	at org.gradle.internal.build.DefaultBuildLifecycleControll
er.prepareToScheduleTasks(DefaultBuildLifecycleController.j
ava:173)
	at org.gradle.internal.buildtree.DefaultBuildTreeWorkPrepa
rer.scheduleRequestedTasks(DefaultBuildTreeWorkPreparer.jav
a:35)
	at org.gradle.internal.cc.impl.barrier.BarrierAwareBuildTr
eeWorkPreparer.scheduleRequestedTasks$lambda$0(BarrierAware
BuildTreeWorkPreparer.kt:34)
	at org.gradle.internal.cc.impl.barrier.VintageConfiguratio
nTimeActionRunner.runConfigurationTimeAction(VintageConfigu
rationTimeActionRunner.kt:48)
	at org.gradle.internal.cc.impl.barrier.BarrierAwareBuildTr
eeWorkPreparer.scheduleRequestedTasks(BarrierAwareBuildTree
WorkPreparer.kt:33)
	at org.gradle.internal.cc.impl.VintageBuildTreeWorkControl
ler$scheduleAndRunRequestedTasks$1.apply(VintageBuildTreeWo
rkController.kt:36)
	at org.gradle.internal.cc.impl.VintageBuildTreeWorkControl
ler$scheduleAndRunRequestedTasks$1.apply(VintageBuildTreeWo
rkController.kt:35)
	at org.gradle.composite.internal.DefaultIncludedBuildTaskG
raph.withNewWorkGraph(DefaultIncludedBuildTaskGraph.java:11
3)
	at org.gradle.internal.cc.impl.VintageBuildTreeWorkControl
ler.scheduleAndRunRequestedTasks(VintageBuildTreeWorkContro
ller.kt:35)
	at org.gradle.internal.buildtree.DefaultBuildTreeLifecycle
Controller.lambda$scheduleAndRunTasks$1(DefaultBuildTreeLif
ecycleController.java:77)
	at org.gradle.internal.buildtree.DefaultBuildTreeLifecycle
Controller.lambda$runBuild$4(DefaultBuildTreeLifecycleContr
oller.java:120)
	at org.gradle.internal.model.StateTransitionController.lam
bda$transition$6(StateTransitionController.java:169)
	at org.gradle.internal.model.StateTransitionController.doT
ransition(StateTransitionController.java:266)
	at org.gradle.internal.model.StateTransitionController.lam
bda$transition$7(StateTransitionController.java:169)
	at org.gradle.internal.work.DefaultSynchronizer.withLock(D
efaultSynchronizer.java:45)
	at org.gradle.internal.model.StateTransitionController.tra
nsition(StateTransitionController.java:169)
	at org.gradle.internal.buildtree.DefaultBuildTreeLifecycle
Controller.runBuild(DefaultBuildTreeLifecycleController.jav
a:117)
	at org.gradle.internal.buildtree.DefaultBuildTreeLifecycle
Controller.scheduleAndRunTasks(DefaultBuildTreeLifecycleCon
troller.java:77)
	at org.gradle.internal.buildtree.DefaultBuildTreeLifecycle
Controller.scheduleAndRunTasks(DefaultBuildTreeLifecycleCon
troller.java:72)
	at org.gradle.tooling.internal.provider.ExecuteBuildAction
Runner.run(ExecuteBuildActionRunner.java:31)
	at org.gradle.launcher.exec.ChainingBuildActionRunner.run(
ChainingBuildActionRunner.java:35)
	at org.gradle.internal.buildtree.ProblemReportingBuildActi
onRunner.run(ProblemReportingBuildActionRunner.java:54)
	at org.gradle.launcher.exec.BuildOutcomeReportingBuildActi
onRunner.run(BuildOutcomeReportingBuildActionRunner.java:83
)
	at org.gradle.tooling.internal.provider.FileSystemWatching
BuildActionRunner.run(FileSystemWatchingBuildActionRunner.j
ava:135)
	at org.gradle.launcher.exec.BuildCompletionNotifyingBuildA
ctionRunner.run(BuildCompletionNotifyingBuildActionRunner.j
ava:54)
	at org.gradle.launcher.exec.RootBuildLifecycleBuildActionE
xecutor.lambda$execute$0(RootBuildLifecycleBuildActionExecu
tor.java:56)
	at org.gradle.composite.internal.DefaultRootBuildState.run
(DefaultRootBuildState.java:130)
	at org.gradle.launcher.exec.RootBuildLifecycleBuildActionE
xecutor.execute(RootBuildLifecycleBuildActionExecutor.java:
56)
	at org.gradle.internal.buildtree.InitDeprecationLoggingAct
ionExecutor.execute(InitDeprecationLoggingActionExecutor.ja
va:62)
	at org.gradle.internal.buildtree.InitProblems.execute(Init
Problems.java:36)
	at org.gradle.internal.buildtree.DefaultBuildTreeContext.e
xecute(DefaultBuildTreeContext.java:40)
	at org.gradle.launcher.exec.BuildTreeLifecycleBuildActionE
xecutor.lambda$execute$0(BuildTreeLifecycleBuildActionExecu
tor.java:71)
	at org.gradle.internal.buildtree.BuildTreeState.run(BuildT
reeState.java:60)
	at org.gradle.launcher.exec.BuildTreeLifecycleBuildActionE
xecutor.execute(BuildTreeLifecycleBuildActionExecutor.java:
71)
	at org.gradle.launcher.exec.RunAsBuildOperationBuildAction
Executor$2.call(RunAsBuildOperationBuildActionExecutor.java
:65)

Deprecated Gradle features were used in this build, making it incompatible with Gradle 10.

You can use '--warning-mode all' to show the individual deprecation warnings and determine if they come from your own scripts or plugins.

For more on this, please refer to https://docs.gradle.org/9.0.0/userguide/command_line_interface.html#sec:command_line_warnings in the Gradle documentation.
	at org.gradle.launcher.exec.RunAsBuildOperationBuildAction
Executor$2.call(RunAsBuildOperationBuildActionExecutor.java
:61)
	at org.gradle.internal.operations.DefaultBuildOperationRun
ner$CallableBuildOperationWorker.execute(DefaultBuildOperat
ionRunner.java:209)
	at org.gradle.internal.operations.DefaultBuildOperationRun
ner$CallableBuildOperationWorker.execute(DefaultBuildOperat
ionRunner.java:204)
	at org.gradle.internal.operations.DefaultBuildOperationRun
ner$2.execute(DefaultBuildOperationRunner.java:66)
	at org.gradle.internal.operations.DefaultBuildOperationRun
ner$2.execute(DefaultBuildOperationRunner.java:59)
	at org.gradle.internal.operations.DefaultBuildOperationRun
ner.execute(DefaultBuildOperationRunner.java:166)
	at org.gradle.internal.operations.DefaultBuildOperationRun
ner.execute(DefaultBuildOperationRunner.java:59)
	at org.gradle.internal.operations.DefaultBuildOperationRun
ner.call(DefaultBuildOperationRunner.java:53)
	at org.gradle.launcher.exec.RunAsBuildOperationBuildAction
Executor.execute(RunAsBuildOperationBuildActionExecutor.jav
a:61)
	at org.gradle.launcher.exec.RunAsWorkerThreadBuildActionEx
ecutor.lambda$execute$0(RunAsWorkerThreadBuildActionExecuto
r.java:36)
	at org.gradle.internal.work.DefaultWorkerLeaseService.with
Locks(DefaultWorkerLeaseService.java:263)
	at org.gradle.internal.work.DefaultWorkerLeaseService.runA
sWorkerThread(DefaultWorkerLeaseService.java:127)
	at org.gradle.launcher.exec.RunAsWorkerThreadBuildActionEx
ecutor.execute(RunAsWorkerThreadBuildActionExecutor.java:36
)
	at org.gradle.tooling.internal.provider.continuous.Continu
ousBuildActionExecutor.execute(ContinuousBuildActionExecuto
r.java:110)
	at org.gradle.tooling.internal.provider.SubscribableBuildA
ctionExecutor.execute(SubscribableBuildActionExecutor.java:
64)
	at org.gradle.internal.session.DefaultBuildSessionContext.
execute(DefaultBuildSessionContext.java:46)
	at org.gradle.internal.buildprocess.execution.BuildSession
LifecycleBuildActionExecutor$ActionImpl.apply(BuildSessionL
ifecycleBuildActionExecutor.java:92)
	at org.gradle.internal.buildprocess.execution.BuildSession
LifecycleBuildActionExecutor$ActionImpl.apply(BuildSessionL
ifecycleBuildActionExecutor.java:80)
	at org.gradle.internal.session.BuildSessionState.run(Build
SessionState.java:73)
	at org.gradle.internal.buildprocess.execution.BuildSession
LifecycleBuildActionExecutor.execute(BuildSessionLifecycleB
uildActionExecutor.java:62)
	at org.gradle.internal.buildprocess.execution.BuildSession
LifecycleBuildActionExecutor.execute(BuildSessionLifecycleB
uildActionExecutor.java:41)
	at org.gradle.internal.buildprocess.execution.StartParamsV
alidatingActionExecutor.execute(StartParamsValidatingAction
Executor.java:57)
	at org.gradle.internal.buildprocess.execution.StartParamsV
alidatingActionExecutor.execute(StartParamsValidatingAction
Executor.java:32)
	at org.gradle.internal.buildprocess.execution.SessionFailu
reReportingActionExecutor.execute(SessionFailureReportingAc
tionExecutor.java:51)
	at org.gradle.internal.buildprocess.execution.SessionFailu
reReportingActionExecutor.execute(SessionFailureReportingAc
tionExecutor.java:39)
	at org.gradle.internal.buildprocess.execution.SetupLogging
ActionExecutor.execute(SetupLoggingActionExecutor.java:47)
	at org.gradle.internal.buildprocess.execution.SetupLogging
ActionExecutor.execute(SetupLoggingActionExecutor.java:31)
	at org.gradle.launcher.daemon.server.exec.ExecuteBuild.doB
uild(ExecuteBuild.java:70)
	at org.gradle.launcher.daemon.server.exec.BuildCommandOnly
.execute(BuildCommandOnly.java:37)
	at org.gradle.launcher.daemon.server.api.DaemonCommandExec
ution.proceed(DaemonCommandExecution.java:104)
	at org.gradle.launcher.daemon.server.exec.WatchForDisconne
ction.execute(WatchForDisconnection.java:39)
	at org.gradle.launcher.daemon.server.api.DaemonCommandExec
ution.proceed(DaemonCommandExecution.java:104)
	at org.gradle.launcher.daemon.server.exec.ResetDeprecation
Logger.execute(ResetDeprecationLogger.java:29)
	at org.gradle.launcher.daemon.server.api.DaemonCommandExec
ution.proceed(DaemonCommandExecution.java:104)
	at org.gradle.launcher.daemon.server.exec.RequestStopIfSin
gleUsedDaemon.execute(RequestStopIfSingleUsedDaemon.java:35
)
	at org.gradle.launcher.daemon.server.api.DaemonCommandExec
ution.proceed(DaemonCommandExecution.java:104)
	at org.gradle.launcher.daemon.server.exec.ForwardClientInp
ut.lambda$execute$0(ForwardClientInput.java:40)
	at org.gradle.internal.daemon.clientinput.ClientInputForwa
rder.forwardInput(ClientInputForwarder.java:80)
	at org.gradle.launcher.daemon.server.exec.ForwardClientInp
ut.execute(ForwardClientInput.java:37)
	at org.gradle.launcher.daemon.server.api.DaemonCommandExec
ution.proceed(DaemonCommandExecution.java:104)
	at org.gradle.launcher.daemon.server.exec.LogAndCheckHealt
h.execute(LogAndCheckHealth.java:64)
	at org.gradle.launcher.daemon.server.api.DaemonCommandExec
ution.proceed(DaemonCommandExecution.java:104)
	at org.gradle.launcher.daemon.server.exec.LogToClient.doBu
ild(LogToClient.java:63)
	at org.gradle.launcher.daemon.server.exec.BuildCommandOnly
.execute(BuildCommandOnly.java:37)
	at org.gradle.launcher.daemon.server.api.DaemonCommandExec
ution.proceed(DaemonCommandExecution.java:104)
	at org.gradle.launcher.daemon.server.exec.EstablishBuildEn
vironment.doBuild(EstablishBuildEnvironment.java:84)
	at org.gradle.launcher.daemon.server.exec.BuildCommandOnly
.execute(BuildCommandOnly.java:37)
	at org.gradle.launcher.daemon.server.api.DaemonCommandExec
ution.proceed(DaemonCommandExecution.java:104)
	at org.gradle.launcher.daemon.server.exec.StartBuildOrResp
ondWithBusy$1.run(StartBuildOrRespondWithBusy.java:52)
	at org.gradle.launcher.daemon.server.DaemonStateCoordinato
r.lambda$runCommand$0(DaemonStateCoordinator.java:321)
	at org.gradle.internal.concurrent.ExecutorPolicy$CatchAndR
ecordFailures.onExecute(ExecutorPolicy.java:64)
	at org.gradle.internal.concurrent.AbstractManagedExecutor$
1.run(AbstractManagedExecutor.java:47)

===========================================================
===================

BUILD FAILED in 1s
